Command line invocation:
    /Applications/Xcode.app/Contents/Developer/usr/bin/xcodebuild -project Neckline.xcodeproj -scheme Neckline -destination "generic/platform=iOS Simulator" -derivedDataPath /tmp/neckline-v3-qa/ios NK_BUNDLE_SUFFIX=.qa build

Build settings from command line:
    NK_BUNDLE_SUFFIX = .qa

ComputePackagePrebuildTargetDependencyGraph

Prepare packages

CreateBuildRequest

SendProjectDescription

CreateBuildOperation

ComputeTargetDependencyGraph
note: Building targets in dependency order
note: Target dependency graph (1 target)
    Target 'Neckline' in project 'Neckline' (no dependencies)

GatherProvisioningInputs

CreateBuildDescription

ExecuteExternalTool /Applications/Xcode.app/Contents/Developer/Toolchains/XcodeDefault.xctoolchain/usr/bin/clang -v -E -dM -isysroot /Applications/Xcode.app/Contents/Developer/Platforms/iPhoneSimulator.platform/Developer/SDKs/iPhoneSimulator26.5.sdk -x c -c /dev/null

ExecuteExternalTool /Applications/Xcode.app/Contents/Developer/usr/bin/actool --print-asset-tag-combinations --output-format xml1 /Users/linotsai/Lino/Neckline/App/Neckline/Resources/Assets.xcassets

ExecuteExternalTool /Applications/Xcode.app/Contents/Developer/usr/bin/actool --version --output-format xml1

ExecuteExternalTool /Applications/Xcode.app/Contents/Developer/Toolchains/XcodeDefault.xctoolchain/usr/bin/swiftc --version

ExecuteExternalTool /Applications/Xcode.app/Contents/Developer/Toolchains/XcodeDefault.xctoolchain/usr/bin/ld -version_details

Build description signature: 320a4f8501ae34a2bfd882b0fcb6436e
Build description path: /tmp/neckline-v3-qa/ios/Build/Intermediates.noindex/XCBuildData/320a4f8501ae34a2bfd882b0fcb6436e.xcbuilddata
ClangStatCache /Applications/Xcode.app/Contents/Developer/Toolchains/XcodeDefault.xctoolchain/usr/bin/clang-stat-cache /Applications/Xcode.app/Contents/Developer/Platforms/iPhoneSimulator.platform/Developer/SDKs/iPhoneSimulator26.5.sdk /tmp/neckline-v3-qa/ios/SDKStatCaches.noindex/iphonesimulator26.5-23F81a-6cfe768891a92b912361537c460fe42b.sdkstatcache
    cd /Users/linotsai/Lino/Neckline/App/Neckline.xcodeproj
    /Applications/Xcode.app/Contents/Developer/Toolchains/XcodeDefault.xctoolchain/usr/bin/clang-stat-cache /Applications/Xcode.app/Contents/Developer/Platforms/iPhoneSimulator.platform/Developer/SDKs/iPhoneSimulator26.5.sdk -o /tmp/neckline-v3-qa/ios/SDKStatCaches.noindex/iphonesimulator26.5-23F81a-6cfe768891a92b912361537c460fe42b.sdkstatcache

ProcessProductPackaging /Users/linotsai/Lino/Neckline/App/Neckline/Neckline.entitlements /tmp/neckline-v3-qa/ios/Build/Intermediates.noindex/Neckline.build/Debug-iphonesimulator/Neckline.build/Neckline.app.xcent (in target 'Neckline' from project 'Neckline')
    cd /Users/linotsai/Lino/Neckline/App
    
    Entitlements:
    
    {
}
    
    builtin-productPackagingUtility /Users/linotsai/Lino/Neckline/App/Neckline/Neckline.entitlements -entitlements -format xml -o /tmp/neckline-v3-qa/ios/Build/Intermediates.noindex/Neckline.build/Debug-iphonesimulator/Neckline.build/Neckline.app.xcent

ProcessProductPackaging /Users/linotsai/Lino/Neckline/App/Neckline/Neckline.entitlements /tmp/neckline-v3-qa/ios/Build/Intermediates.noindex/Neckline.build/Debug-iphonesimulator/Neckline.build/Neckline.app-Simulated.xcent (in target 'Neckline' from project 'Neckline')
    cd /Users/linotsai/Lino/Neckline/App
    
    Entitlements:
    
    {
    "application-identifier" = "HX73DFL88G.top.linotsai.neckline.qa";
    "aps-environment" = development;
}
    
    builtin-productPackagingUtility /Users/linotsai/Lino/Neckline/App/Neckline/Neckline.entitlements -entitlements -format xml -o /tmp/neckline-v3-qa/ios/Build/Intermediates.noindex/Neckline.build/Debug-iphonesimulator/Neckline.build/Neckline.app-Simulated.xcent

ProcessProductPackagingDER /tmp/neckline-v3-qa/ios/Build/Intermediates.noindex/Neckline.build/Debug-iphonesimulator/Neckline.build/Neckline.app.xcent /tmp/neckline-v3-qa/ios/Build/Intermediates.noindex/Neckline.build/Debug-iphonesimulator/Neckline.build/Neckline.app.xcent.der (in target 'Neckline' from project 'Neckline')
    cd /Users/linotsai/Lino/Neckline/App
    /usr/bin/derq query -f xml -i /tmp/neckline-v3-qa/ios/Build/Intermediates.noindex/Neckline.build/Debug-iphonesimulator/Neckline.build/Neckline.app.xcent -o /tmp/neckline-v3-qa/ios/Build/Intermediates.noindex/Neckline.build/Debug-iphonesimulator/Neckline.build/Neckline.app.xcent.der --raw

ProcessProductPackagingDER /tmp/neckline-v3-qa/ios/Build/Intermediates.noindex/Neckline.build/Debug-iphonesimulator/Neckline.build/Neckline.app-Simulated.xcent /tmp/neckline-v3-qa/ios/Build/Intermediates.noindex/Neckline.build/Debug-iphonesimulator/Neckline.build/Neckline.app-Simulated.xcent.der (in target 'Neckline' from project 'Neckline')
    cd /Users/linotsai/Lino/Neckline/App
    /usr/bin/derq query -f xml -i /tmp/neckline-v3-qa/ios/Build/Intermediates.noindex/Neckline.build/Debug-iphonesimulator/Neckline.build/Neckline.app-Simulated.xcent -o /tmp/neckline-v3-qa/ios/Build/Intermediates.noindex/Neckline.build/Debug-iphonesimulator/Neckline.build/Neckline.app-Simulated.xcent.der --raw

Ld /tmp/neckline-v3-qa/ios/Build/Intermediates.noindex/Neckline.build/Debug-iphonesimulator/Neckline.build/Objects-normal/x86_64/Binary/__preview.dylib normal x86_64 (in target 'Neckline' from project 'Neckline')
    cd /Users/linotsai/Lino/Neckline/App
    /Applications/Xcode.app/Contents/Developer/Toolchains/XcodeDefault.xctoolchain/usr/bin/clang -Xlinker -reproducible -target x86_64-apple-ios26.0-simulator -dynamiclib -isysroot /Applications/Xcode.app/Contents/Developer/Platforms/iPhoneSimulator.platform/Developer/SDKs/iPhoneSimulator26.5.sdk -O0 -L/tmp/neckline-v3-qa/ios/Build/Products/Debug-iphonesimulator -F/tmp/neckline-v3-qa/ios/Build/Products/Debug-iphonesimulator -install_name @rpath/Neckline.debug.dylib -Xlinker -dead_strip -rdynamic -Xlinker -no_deduplicate -Xlinker -objc_abi_version -Xlinker 2 -Xlinker -dependency_info -Xlinker /tmp/neckline-v3-qa/ios/Build/Intermediates.noindex/Neckline.build/Debug-iphonesimulator/Neckline.build/Objects-normal/x86_64/Neckline_dependency_info.dat -Xlinker -sectcreate -Xlinker __TEXT -Xlinker __entitlements -Xlinker /tmp/neckline-v3-qa/ios/Build/Intermediates.noindex/Neckline.build/Debug-iphonesimulator/Neckline.build/Neckline.app-Simulated.xcent -Xlinker -sectcreate -Xlinker __TEXT -Xlinker __ents_der -Xlinker /tmp/neckline-v3-qa/ios/Build/Intermediates.noindex/Neckline.build/Debug-iphonesimulator/Neckline.build/Neckline.app-Simulated.xcent.der -Xlinker -no_adhoc_codesign -o /tmp/neckline-v3-qa/ios/Build/Intermediates.noindex/Neckline.build/Debug-iphonesimulator/Neckline.build/Objects-normal/x86_64/Binary/__preview.dylib

Ld /tmp/neckline-v3-qa/ios/Build/Intermediates.noindex/Neckline.build/Debug-iphonesimulator/Neckline.build/Objects-normal/arm64/Binary/__preview.dylib normal arm64 (in target 'Neckline' from project 'Neckline')
    cd /Users/linotsai/Lino/Neckline/App
    /Applications/Xcode.app/Contents/Developer/Toolchains/XcodeDefault.xctoolchain/usr/bin/clang -Xlinker -reproducible -target arm64-apple-ios26.0-simulator -dynamiclib -isysroot /Applications/Xcode.app/Contents/Developer/Platforms/iPhoneSimulator.platform/Developer/SDKs/iPhoneSimulator26.5.sdk -O0 -L/tmp/neckline-v3-qa/ios/Build/Products/Debug-iphonesimulator -F/tmp/neckline-v3-qa/ios/Build/Products/Debug-iphonesimulator -install_name @rpath/Neckline.debug.dylib -Xlinker -dead_strip -rdynamic -Xlinker -no_deduplicate -Xlinker -objc_abi_version -Xlinker 2 -Xlinker -dependency_info -Xlinker /tmp/neckline-v3-qa/ios/Build/Intermediates.noindex/Neckline.build/Debug-iphonesimulator/Neckline.build/Objects-normal/arm64/Neckline_dependency_info.dat -Xlinker -sectcreate -Xlinker __TEXT -Xlinker __entitlements -Xlinker /tmp/neckline-v3-qa/ios/Build/Intermediates.noindex/Neckline.build/Debug-iphonesimulator/Neckline.build/Neckline.app-Simulated.xcent -Xlinker -sectcreate -Xlinker __TEXT -Xlinker __ents_der -Xlinker /tmp/neckline-v3-qa/ios/Build/Intermediates.noindex/Neckline.build/Debug-iphonesimulator/Neckline.build/Neckline.app-Simulated.xcent.der -Xlinker -no_adhoc_codesign -o /tmp/neckline-v3-qa/ios/Build/Intermediates.noindex/Neckline.build/Debug-iphonesimulator/Neckline.build/Objects-normal/arm64/Binary/__preview.dylib

ProcessInfoPlistFile /tmp/neckline-v3-qa/ios/Build/Products/Debug-iphonesimulator/Neckline.app/Info.plist /Users/linotsai/Lino/Neckline/App/Neckline/Resources/Info.plist (in target 'Neckline' from project 'Neckline')
    cd /Users/linotsai/Lino/Neckline/App
    builtin-infoPlistUtility /Users/linotsai/Lino/Neckline/App/Neckline/Resources/Info.plist -producttype com.apple.product-type.application -genpkginfo /tmp/neckline-v3-qa/ios/Build/Products/Debug-iphonesimulator/Neckline.app/PkgInfo -expandbuildsettings -format binary -platform iphonesimulator -additionalcontentfile /tmp/neckline-v3-qa/ios/Build/Intermediates.noindex/Neckline.build/Debug-iphonesimulator/Neckline.build/assetcatalog_generated_info.plist -o /tmp/neckline-v3-qa/ios/Build/Products/Debug-iphonesimulator/Neckline.app/Info.plist

CreateUniversalBinary /tmp/neckline-v3-qa/ios/Build/Products/Debug-iphonesimulator/Neckline.app/__preview.dylib normal arm64\ x86_64 (in target 'Neckline' from project 'Neckline')
    cd /Users/linotsai/Lino/Neckline/App
    /Applications/Xcode.app/Contents/Developer/Toolchains/XcodeDefault.xctoolchain/usr/bin/lipo -create /tmp/neckline-v3-qa/ios/Build/Intermediates.noindex/Neckline.build/Debug-iphonesimulator/Neckline.build/Objects-normal/arm64/Binary/__preview.dylib /tmp/neckline-v3-qa/ios/Build/Intermediates.noindex/Neckline.build/Debug-iphonesimulator/Neckline.build/Objects-normal/x86_64/Binary/__preview.dylib -output /tmp/neckline-v3-qa/ios/Build/Products/Debug-iphonesimulator/Neckline.app/__preview.dylib

Ld /tmp/neckline-v3-qa/ios/Build/Intermediates.noindex/Neckline.build/Debug-iphonesimulator/Neckline.build/Objects-normal/x86_64/Binary/Neckline.debug.dylib normal x86_64 (in target 'Neckline' from project 'Neckline')
    cd /Users/linotsai/Lino/Neckline/App
    /Applications/Xcode.app/Contents/Developer/Toolchains/XcodeDefault.xctoolchain/usr/bin/clang -Xlinker -reproducible -target x86_64-apple-ios26.0-simulator -dynamiclib -isysroot /Applications/Xcode.app/Contents/Developer/Platforms/iPhoneSimulator.platform/Developer/SDKs/iPhoneSimulator26.5.sdk -O0 -L/tmp/neckline-v3-qa/ios/Build/Intermediates.noindex/EagerLinkingTBDs/Debug-iphonesimulator -L/tmp/neckline-v3-qa/ios/Build/Products/Debug-iphonesimulator -F/tmp/neckline-v3-qa/ios/Build/Intermediates.noindex/EagerLinkingTBDs/Debug-iphonesimulator -F/tmp/neckline-v3-qa/ios/Build/Products/Debug-iphonesimulator -filelist /tmp/neckline-v3-qa/ios/Build/Intermediates.noindex/Neckline.build/Debug-iphonesimulator/Neckline.build/Objects-normal/x86_64/Neckline.LinkFileList -install_name @rpath/Neckline.debug.dylib -Xlinker -rpath -Xlinker @executable_path/Frameworks -Xlinker -dead_strip -Xlinker -object_path_lto -Xlinker /tmp/neckline-v3-qa/ios/Build/Intermediates.noindex/Neckline.build/Debug-iphonesimulator/Neckline.build/Objects-normal/x86_64/Neckline_lto.o -rdynamic -Xlinker -no_deduplicate -Xlinker -objc_abi_version -Xlinker 2 -Xlinker -dependency_info -Xlinker /tmp/neckline-v3-qa/ios/Build/Intermediates.noindex/Neckline.build/Debug-iphonesimulator/Neckline.build/Objects-normal/x86_64/Neckline_dependency_info.dat -fobjc-link-runtime -L/Applications/Xcode.app/Contents/Developer/Toolchains/XcodeDefault.xctoolchain/usr/lib/swift/iphonesimulator -L/usr/lib/swift -Xlinker -add_ast_path -Xlinker /tmp/neckline-v3-qa/ios/Build/Intermediates.noindex/Neckline.build/Debug-iphonesimulator/Neckline.build/Objects-normal/x86_64/Neckline.swiftmodule @/tmp/neckline-v3-qa/ios/Build/Intermediates.noindex/Neckline.build/Debug-iphonesimulator/Neckline.build/Objects-normal/x86_64/Neckline-linker-args.resp -Xlinker -alias -Xlinker _main -Xlinker ___debug_main_executable_dylib_entry_point -Xlinker -no_adhoc_codesign -o /tmp/neckline-v3-qa/ios/Build/Intermediates.noindex/Neckline.build/Debug-iphonesimulator/Neckline.build/Objects-normal/x86_64/Binary/Neckline.debug.dylib

Ld /tmp/neckline-v3-qa/ios/Build/Intermediates.noindex/Neckline.build/Debug-iphonesimulator/Neckline.build/Objects-normal/arm64/Binary/Neckline.debug.dylib normal arm64 (in target 'Neckline' from project 'Neckline')
    cd /Users/linotsai/Lino/Neckline/App
    /Applications/Xcode.app/Contents/Developer/Toolchains/XcodeDefault.xctoolchain/usr/bin/clang -Xlinker -reproducible -target arm64-apple-ios26.0-simulator -dynamiclib -isysroot /Applications/Xcode.app/Contents/Developer/Platforms/iPhoneSimulator.platform/Developer/SDKs/iPhoneSimulator26.5.sdk -O0 -L/tmp/neckline-v3-qa/ios/Build/Intermediates.noindex/EagerLinkingTBDs/Debug-iphonesimulator -L/tmp/neckline-v3-qa/ios/Build/Products/Debug-iphonesimulator -F/tmp/neckline-v3-qa/ios/Build/Intermediates.noindex/EagerLinkingTBDs/Debug-iphonesimulator -F/tmp/neckline-v3-qa/ios/Build/Products/Debug-iphonesimulator -filelist /tmp/neckline-v3-qa/ios/Build/Intermediates.noindex/Neckline.build/Debug-iphonesimulator/Neckline.build/Objects-normal/arm64/Neckline.LinkFileList -install_name @rpath/Neckline.debug.dylib -Xlinker -rpath -Xlinker @executable_path/Frameworks -Xlinker -dead_strip -Xlinker -object_path_lto -Xlinker /tmp/neckline-v3-qa/ios/Build/Intermediates.noindex/Neckline.build/Debug-iphonesimulator/Neckline.build/Objects-normal/arm64/Neckline_lto.o -rdynamic -Xlinker -no_deduplicate -Xlinker -objc_abi_version -Xlinker 2 -Xlinker -dependency_info -Xlinker /tmp/neckline-v3-qa/ios/Build/Intermediates.noindex/Neckline.build/Debug-iphonesimulator/Neckline.build/Objects-normal/arm64/Neckline_dependency_info.dat -fobjc-link-runtime -L/Applications/Xcode.app/Contents/Developer/Toolchains/XcodeDefault.xctoolchain/usr/lib/swift/iphonesimulator -L/usr/lib/swift -Xlinker -add_ast_path -Xlinker /tmp/neckline-v3-qa/ios/Build/Intermediates.noindex/Neckline.build/Debug-iphonesimulator/Neckline.build/Objects-normal/arm64/Neckline.swiftmodule @/tmp/neckline-v3-qa/ios/Build/Intermediates.noindex/Neckline.build/Debug-iphonesimulator/Neckline.build/Objects-normal/arm64/Neckline-linker-args.resp -Xlinker -alias -Xlinker _main -Xlinker ___debug_main_executable_dylib_entry_point -Xlinker -no_adhoc_codesign -o /tmp/neckline-v3-qa/ios/Build/Intermediates.noindex/Neckline.build/Debug-iphonesimulator/Neckline.build/Objects-normal/arm64/Binary/Neckline.debug.dylib

ConstructStubExecutorLinkFileList /tmp/neckline-v3-qa/ios/Build/Intermediates.noindex/Neckline.build/Debug-iphonesimulator/Neckline.build/Neckline-ExecutorLinkFileList-normal-x86_64.txt (in target 'Neckline' from project 'Neckline')
    cd /Users/linotsai/Lino/Neckline/App
    construct-stub-executor-link-file-list /tmp/neckline-v3-qa/ios/Build/Intermediates.noindex/Neckline.build/Debug-iphonesimulator/Neckline.build/Objects-normal/x86_64/Binary/Neckline.debug.dylib /Applications/Xcode.app/Contents/Developer/Platforms/iPhoneSimulator.platform/Developer/usr/lib/libPreviewsJITStubExecutor_no_swift_entry_point.a /Applications/Xcode.app/Contents/Developer/Platforms/iPhoneSimulator.platform/Developer/usr/lib/libPreviewsJITStubExecutor.a --output /tmp/neckline-v3-qa/ios/Build/Intermediates.noindex/Neckline.build/Debug-iphonesimulator/Neckline.build/Neckline-ExecutorLinkFileList-normal-x86_64.txt
note: Using stub executor library with Swift entry point. (in target 'Neckline' from project 'Neckline')

ConstructStubExecutorLinkFileList /tmp/neckline-v3-qa/ios/Build/Intermediates.noindex/Neckline.build/Debug-iphonesimulator/Neckline.build/Neckline-ExecutorLinkFileList-normal-arm64.txt (in target 'Neckline' from project 'Neckline')
    cd /Users/linotsai/Lino/Neckline/App
    construct-stub-executor-link-file-list /tmp/neckline-v3-qa/ios/Build/Intermediates.noindex/Neckline.build/Debug-iphonesimulator/Neckline.build/Objects-normal/arm64/Binary/Neckline.debug.dylib /Applications/Xcode.app/Contents/Developer/Platforms/iPhoneSimulator.platform/Developer/usr/lib/libPreviewsJITStubExecutor_no_swift_entry_point.a /Applications/Xcode.app/Contents/Developer/Platforms/iPhoneSimulator.platform/Developer/usr/lib/libPreviewsJITStubExecutor.a --output /tmp/neckline-v3-qa/ios/Build/Intermediates.noindex/Neckline.build/Debug-iphonesimulator/Neckline.build/Neckline-ExecutorLinkFileList-normal-arm64.txt
note: Using stub executor library with Swift entry point. (in target 'Neckline' from project 'Neckline')

CreateUniversalBinary /tmp/neckline-v3-qa/ios/Build/Products/Debug-iphonesimulator/Neckline.app/Neckline.debug.dylib normal arm64\ x86_64 (in target 'Neckline' from project 'Neckline')
    cd /Users/linotsai/Lino/Neckline/App
    /Applications/Xcode.app/Contents/Developer/Toolchains/XcodeDefault.xctoolchain/usr/bin/lipo -create /tmp/neckline-v3-qa/ios/Build/Intermediates.noindex/Neckline.build/Debug-iphonesimulator/Neckline.build/Objects-normal/arm64/Binary/Neckline.debug.dylib /tmp/neckline-v3-qa/ios/Build/Intermediates.noindex/Neckline.build/Debug-iphonesimulator/Neckline.build/Objects-normal/x86_64/Binary/Neckline.debug.dylib -output /tmp/neckline-v3-qa/ios/Build/Products/Debug-iphonesimulator/Neckline.app/Neckline.debug.dylib

Ld /tmp/neckline-v3-qa/ios/Build/Intermediates.noindex/Neckline.build/Debug-iphonesimulator/Neckline.build/Objects-normal/x86_64/Binary/Neckline normal x86_64 (in target 'Neckline' from project 'Neckline')
    cd /Users/linotsai/Lino/Neckline/App
    /Applications/Xcode.app/Contents/Developer/Toolchains/XcodeDefault.xctoolchain/usr/bin/clang -Xlinker -reproducible -target x86_64-apple-ios26.0-simulator -isysroot /Applications/Xcode.app/Contents/Developer/Platforms/iPhoneSimulator.platform/Developer/SDKs/iPhoneSimulator26.5.sdk -O0 -L/tmp/neckline-v3-qa/ios/Build/Products/Debug-iphonesimulator -F/tmp/neckline-v3-qa/ios/Build/Products/Debug-iphonesimulator -Xlinker -rpath -Xlinker @executable_path -Xlinker -rpath -Xlinker @executable_path/Frameworks -rdynamic -Xlinker -no_deduplicate -Xlinker -objc_abi_version -Xlinker 2 -e ___debug_blank_executor_main -Xlinker -sectcreate -Xlinker __TEXT -Xlinker __debug_dylib -Xlinker /tmp/neckline-v3-qa/ios/Build/Intermediates.noindex/Neckline.build/Debug-iphonesimulator/Neckline.build/Neckline-DebugDylibPath-normal-x86_64.txt -Xlinker -sectcreate -Xlinker __TEXT -Xlinker __debug_instlnm -Xlinker /tmp/neckline-v3-qa/ios/Build/Intermediates.noindex/Neckline.build/Debug-iphonesimulator/Neckline.build/Neckline-DebugDylibInstallName-normal-x86_64.txt -Xlinker -filelist -Xlinker /tmp/neckline-v3-qa/ios/Build/Intermediates.noindex/Neckline.build/Debug-iphonesimulator/Neckline.build/Neckline-ExecutorLinkFileList-normal-x86_64.txt -Xlinker -sectcreate -Xlinker __TEXT -Xlinker __entitlements -Xlinker /tmp/neckline-v3-qa/ios/Build/Intermediates.noindex/Neckline.build/Debug-iphonesimulator/Neckline.build/Neckline.app-Simulated.xcent -Xlinker -sectcreate -Xlinker __TEXT -Xlinker __ents_der -Xlinker /tmp/neckline-v3-qa/ios/Build/Intermediates.noindex/Neckline.build/Debug-iphonesimulator/Neckline.build/Neckline.app-Simulated.xcent.der /tmp/neckline-v3-qa/ios/Build/Intermediates.noindex/Neckline.build/Debug-iphonesimulator/Neckline.build/Objects-normal/x86_64/Binary/Neckline.debug.dylib -Xlinker -no_adhoc_codesign -o /tmp/neckline-v3-qa/ios/Build/Intermediates.noindex/Neckline.build/Debug-iphonesimulator/Neckline.build/Objects-normal/x86_64/Binary/Neckline

Ld /tmp/neckline-v3-qa/ios/Build/Intermediates.noindex/Neckline.build/Debug-iphonesimulator/Neckline.build/Objects-normal/arm64/Binary/Neckline normal arm64 (in target 'Neckline' from project 'Neckline')
    cd /Users/linotsai/Lino/Neckline/App
    /Applications/Xcode.app/Contents/Developer/Toolchains/XcodeDefault.xctoolchain/usr/bin/clang -Xlinker -reproducible -target arm64-apple-ios26.0-simulator -isysroot /Applications/Xcode.app/Contents/Developer/Platforms/iPhoneSimulator.platform/Developer/SDKs/iPhoneSimulator26.5.sdk -O0 -L/tmp/neckline-v3-qa/ios/Build/Products/Debug-iphonesimulator -F/tmp/neckline-v3-qa/ios/Build/Products/Debug-iphonesimulator -Xlinker -rpath -Xlinker @executable_path -Xlinker -rpath -Xlinker @executable_path/Frameworks -rdynamic -Xlinker -no_deduplicate -Xlinker -objc_abi_version -Xlinker 2 -e ___debug_blank_executor_main -Xlinker -sectcreate -Xlinker __TEXT -Xlinker __debug_dylib -Xlinker /tmp/neckline-v3-qa/ios/Build/Intermediates.noindex/Neckline.build/Debug-iphonesimulator/Neckline.build/Neckline-DebugDylibPath-normal-arm64.txt -Xlinker -sectcreate -Xlinker __TEXT -Xlinker __debug_instlnm -Xlinker /tmp/neckline-v3-qa/ios/Build/Intermediates.noindex/Neckline.build/Debug-iphonesimulator/Neckline.build/Neckline-DebugDylibInstallName-normal-arm64.txt -Xlinker -filelist -Xlinker /tmp/neckline-v3-qa/ios/Build/Intermediates.noindex/Neckline.build/Debug-iphonesimulator/Neckline.build/Neckline-ExecutorLinkFileList-normal-arm64.txt -Xlinker -sectcreate -Xlinker __TEXT -Xlinker __entitlements -Xlinker /tmp/neckline-v3-qa/ios/Build/Intermediates.noindex/Neckline.build/Debug-iphonesimulator/Neckline.build/Neckline.app-Simulated.xcent -Xlinker -sectcreate -Xlinker __TEXT -Xlinker __ents_der -Xlinker /tmp/neckline-v3-qa/ios/Build/Intermediates.noindex/Neckline.build/Debug-iphonesimulator/Neckline.build/Neckline.app-Simulated.xcent.der /tmp/neckline-v3-qa/ios/Build/Intermediates.noindex/Neckline.build/Debug-iphonesimulator/Neckline.build/Objects-normal/arm64/Binary/Neckline.debug.dylib -Xlinker -no_adhoc_codesign -o /tmp/neckline-v3-qa/ios/Build/Intermediates.noindex/Neckline.build/Debug-iphonesimulator/Neckline.build/Objects-normal/arm64/Binary/Neckline

CreateUniversalBinary /tmp/neckline-v3-qa/ios/Build/Products/Debug-iphonesimulator/Neckline.app/Neckline normal arm64\ x86_64 (in target 'Neckline' from project 'Neckline')
    cd /Users/linotsai/Lino/Neckline/App
    /Applications/Xcode.app/Contents/Developer/Toolchains/XcodeDefault.xctoolchain/usr/bin/lipo -create /tmp/neckline-v3-qa/ios/Build/Intermediates.noindex/Neckline.build/Debug-iphonesimulator/Neckline.build/Objects-normal/arm64/Binary/Neckline /tmp/neckline-v3-qa/ios/Build/Intermediates.noindex/Neckline.build/Debug-iphonesimulator/Neckline.build/Objects-normal/x86_64/Binary/Neckline -output /tmp/neckline-v3-qa/ios/Build/Products/Debug-iphonesimulator/Neckline.app/Neckline

ExtractAppIntentsMetadata (in target 'Neckline' from project 'Neckline')
    cd /Users/linotsai/Lino/Neckline/App
    /Applications/Xcode.app/Contents/Developer/Toolchains/XcodeDefault.xctoolchain/usr/bin/appintentsmetadataprocessor --toolchain-dir /Applications/Xcode.app/Contents/Developer/Toolchains/XcodeDefault.xctoolchain --module-name Neckline --sdk-root /Applications/Xcode.app/Contents/Developer/Platforms/iPhoneSimulator.platform/Developer/SDKs/iPhoneSimulator26.5.sdk --xcode-version 17F113 --platform-family iOS --deployment-target 26.0 --bundle-identifier top.linotsai.neckline.qa --output /tmp/neckline-v3-qa/ios/Build/Products/Debug-iphonesimulator/Neckline.app --target-triple arm64-apple-ios26.0-simulator --target-triple x86_64-apple-ios26.0-simulator --binary-file /tmp/neckline-v3-qa/ios/Build/Products/Debug-iphonesimulator/Neckline.app/Neckline --dependency-file /tmp/neckline-v3-qa/ios/Build/Intermediates.noindex/Neckline.build/Debug-iphonesimulator/Neckline.build/Objects-normal/arm64/Neckline_dependency_info.dat --dependency-file /tmp/neckline-v3-qa/ios/Build/Intermediates.noindex/Neckline.build/Debug-iphonesimulator/Neckline.build/Objects-normal/x86_64/Neckline_dependency_info.dat --stringsdata-file /tmp/neckline-v3-qa/ios/Build/Intermediates.noindex/Neckline.build/Debug-iphonesimulator/Neckline.build/Objects-normal/arm64/ExtractedAppShortcutsMetadata.stringsdata --stringsdata-file /tmp/neckline-v3-qa/ios/Build/Intermediates.noindex/Neckline.build/Debug-iphonesimulator/Neckline.build/Objects-normal/x86_64/ExtractedAppShortcutsMetadata.stringsdata --source-file-list /tmp/neckline-v3-qa/ios/Build/Intermediates.noindex/Neckline.build/Debug-iphonesimulator/Neckline.build/Objects-normal/arm64/Neckline.SwiftFileList --source-file-list /tmp/neckline-v3-qa/ios/Build/Intermediates.noindex/Neckline.build/Debug-iphonesimulator/Neckline.build/Objects-normal/x86_64/Neckline.SwiftFileList --metadata-file-list /tmp/neckline-v3-qa/ios/Build/Intermediates.noindex/Neckline.build/Debug-iphonesimulator/Neckline.build/Neckline.DependencyMetadataFileList --static-metadata-file-list /tmp/neckline-v3-qa/ios/Build/Intermediates.noindex/Neckline.build/Debug-iphonesimulator/Neckline.build/Neckline.DependencyStaticMetadataFileList --swift-const-vals-list /tmp/neckline-v3-qa/ios/Build/Intermediates.noindex/Neckline.build/Debug-iphonesimulator/Neckline.build/Objects-normal/arm64/Neckline.SwiftConstValuesFileList --swift-const-vals-list /tmp/neckline-v3-qa/ios/Build/Intermediates.noindex/Neckline.build/Debug-iphonesimulator/Neckline.build/Objects-normal/x86_64/Neckline.SwiftConstValuesFileList --compile-time-extraction --deployment-aware-processing --validate-assistant-intents --no-app-shortcuts-localization
2026-09-10 15:07:54.458 appintentsmetadataprocessor[23179:27738718] Starting appintentsmetadataprocessor export
2026-09-10 15:07:54.462 appintentsmetadataprocessor[23179:27738718] warning: Metadata extraction skipped. No AppIntents.framework dependency found.

CopySwiftLibs /tmp/neckline-v3-qa/ios/Build/Products/Debug-iphonesimulator/Neckline.app (in target 'Neckline' from project 'Neckline')
    cd /Users/linotsai/Lino/Neckline/App
    builtin-swiftStdLibTool --copy --verbose --sign - --scan-executable /tmp/neckline-v3-qa/ios/Build/Products/Debug-iphonesimulator/Neckline.app/Neckline.debug.dylib --scan-folder /tmp/neckline-v3-qa/ios/Build/Products/Debug-iphonesimulator/Neckline.app/Frameworks --scan-folder /tmp/neckline-v3-qa/ios/Build/Products/Debug-iphonesimulator/Neckline.app/PlugIns --scan-folder /tmp/neckline-v3-qa/ios/Build/Products/Debug-iphonesimulator/Neckline.app/SystemExtensions --scan-folder /tmp/neckline-v3-qa/ios/Build/Products/Debug-iphonesimulator/Neckline.app/Extensions --platform iphonesimulator --toolchain /Applications/Xcode.app/Contents/Developer/Toolchains/XcodeDefault.xctoolchain --destination /tmp/neckline-v3-qa/ios/Build/Products/Debug-iphonesimulator/Neckline.app/Frameworks --strip-bitcode --strip-bitcode-tool /Applications/Xcode.app/Contents/Developer/Toolchains/XcodeDefault.xctoolchain/usr/bin/bitcode_strip --emit-dependency-info /tmp/neckline-v3-qa/ios/Build/Intermediates.noindex/Neckline.build/Debug-iphonesimulator/Neckline.build/SwiftStdLibToolInputDependencies.dep --filter-for-swift-os

AppIntentsSSUTraining (in target 'Neckline' from project 'Neckline')
    cd /Users/linotsai/Lino/Neckline/App
    /Applications/Xcode.app/Contents/Developer/Toolchains/XcodeDefault.xctoolchain/usr/bin/appintentsnltrainingprocessor --infoplist-path /tmp/neckline-v3-qa/ios/Build/Products/Debug-iphonesimulator/Neckline.app/Info.plist --temp-dir-path /tmp/neckline-v3-qa/ios/Build/Intermediates.noindex/Neckline.build/Debug-iphonesimulator/Neckline.build/ssu --bundle-id top.linotsai.neckline.qa --product-path /tmp/neckline-v3-qa/ios/Build/Products/Debug-iphonesimulator/Neckline.app --extracted-metadata-path /tmp/neckline-v3-qa/ios/Build/Products/Debug-iphonesimulator/Neckline.app/Metadata.appintents --metadata-file-list /tmp/neckline-v3-qa/ios/Build/Intermediates.noindex/Neckline.build/Debug-iphonesimulator/Neckline.build/Neckline.DependencyMetadataFileList --source-file /tmp/neckline-v3-qa/ios/Build/Products/Debug-iphonesimulator/Neckline.app/Info.plist --archive-ssu-assets
2026-09-10 15:07:54.479 appintentsnltrainingprocessor[23184:27738744] Parsing options for appintentsnltrainingprocessor
2026-09-10 15:07:54.479 appintentsnltrainingprocessor[23184:27738744] Starting AppIntents SSU YAML Generation
2026-09-10 15:07:54.481 appintentsnltrainingprocessor[23184:27738744] No AppShortcuts found - Skipping.

CodeSign /tmp/neckline-v3-qa/ios/Build/Products/Debug-iphonesimulator/Neckline.app/Neckline.debug.dylib (in target 'Neckline' from project 'Neckline')
    cd /Users/linotsai/Lino/Neckline/App
    
    Signing Identity:     "Sign to Run Locally"
    
    /usr/bin/codesign --force --sign - --timestamp\=none --generate-entitlement-der /tmp/neckline-v3-qa/ios/Build/Products/Debug-iphonesimulator/Neckline.app/Neckline.debug.dylib

CodeSign /tmp/neckline-v3-qa/ios/Build/Products/Debug-iphonesimulator/Neckline.app/__preview.dylib (in target 'Neckline' from project 'Neckline')
    cd /Users/linotsai/Lino/Neckline/App
    
    Signing Identity:     "Sign to Run Locally"
    
    /usr/bin/codesign --force --sign - --timestamp\=none --generate-entitlement-der /tmp/neckline-v3-qa/ios/Build/Products/Debug-iphonesimulator/Neckline.app/__preview.dylib

CodeSign /tmp/neckline-v3-qa/ios/Build/Products/Debug-iphonesimulator/Neckline.app (in target 'Neckline' from project 'Neckline')
    cd /Users/linotsai/Lino/Neckline/App
    
    Signing Identity:     "Sign to Run Locally"
    
    /usr/bin/codesign --force --sign - --entitlements /tmp/neckline-v3-qa/ios/Build/Intermediates.noindex/Neckline.build/Debug-iphonesimulator/Neckline.build/Neckline.app.xcent --timestamp\=none --generate-entitlement-der /tmp/neckline-v3-qa/ios/Build/Products/Debug-iphonesimulator/Neckline.app

Validate /tmp/neckline-v3-qa/ios/Build/Products/Debug-iphonesimulator/Neckline.app (in target 'Neckline' from project 'Neckline')
    cd /Users/linotsai/Lino/Neckline/App
    builtin-validationUtility /tmp/neckline-v3-qa/ios/Build/Products/Debug-iphonesimulator/Neckline.app -shallow-bundle -infoplist-subpath Info.plist

note: Removed stale file '/tmp/neckline-v3-qa/ios/Build/Products/Debug-iphonesimulator/Neckline.app/Frameworks'

note: Removed stale file '/tmp/neckline-v3-qa/ios/Build/Products/Debug-iphonesimulator/Neckline.app/PlugIns'

** BUILD SUCCEEDED **

