Command line invocation:
    /Applications/Xcode.app/Contents/Developer/usr/bin/xcodebuild -project Neckline.xcodeproj -scheme Neckline -destination platform=macOS -derivedDataPath /tmp/neckline-v3-qa/macos NK_BUNDLE_SUFFIX=.qa build

Build settings from command line:
    NK_BUNDLE_SUFFIX = .qa

--- xcodebuild: WARNING: Using the first of multiple matching destinations:
{ platform:macOS, arch:arm64, id:00008132-0001242821FA401C, name:My Mac }
{ platform:macOS, arch:x86_64, id:00008132-0001242821FA401C, name:My Mac }
ComputePackagePrebuildTargetDependencyGraph

Prepare packages

CreateBuildRequest

SendProjectDescription

CreateBuildOperation

ComputeTargetDependencyGraph
note: Building targets in dependency order
note: Target dependency graph (1 target)
    Target 'Neckline' in project 'Neckline' (no dependencies)

GatherProvisioningInputs

CreateBuildDescription

ExecuteExternalTool /Applications/Xcode.app/Contents/Developer/Toolchains/XcodeDefault.xctoolchain/usr/bin/clang -v -E -dM -isysroot /Applications/Xcode.app/Contents/Developer/Platforms/MacOSX.platform/Developer/SDKs/MacOSX26.5.sdk -x c -c /dev/null

ExecuteExternalTool /Applications/Xcode.app/Contents/Developer/usr/bin/actool --version --output-format xml1

ExecuteExternalTool /Applications/Xcode.app/Contents/Developer/Toolchains/XcodeDefault.xctoolchain/usr/bin/swiftc --version

ExecuteExternalTool /Applications/Xcode.app/Contents/Developer/Toolchains/XcodeDefault.xctoolchain/usr/bin/ld -version_details

Build description signature: d18873f87db4a4adca365676d61b4ab5
Build description path: /tmp/neckline-v3-qa/macos/Build/Intermediates.noindex/XCBuildData/d18873f87db4a4adca365676d61b4ab5.xcbuilddata
ClangStatCache /Applications/Xcode.app/Contents/Developer/Toolchains/XcodeDefault.xctoolchain/usr/bin/clang-stat-cache /Applications/Xcode.app/Contents/Developer/Platforms/MacOSX.platform/Developer/SDKs/MacOSX26.5.sdk /tmp/neckline-v3-qa/macos/SDKStatCaches.noindex/macosx26.5-25F70-e082c4a02f00227109f4ed75e425c832.sdkstatcache
    cd /Users/linotsai/Lino/Neckline/App/Neckline.xcodeproj
    /Applications/Xcode.app/Contents/Developer/Toolchains/XcodeDefault.xctoolchain/usr/bin/clang-stat-cache /Applications/Xcode.app/Contents/Developer/Platforms/MacOSX.platform/Developer/SDKs/MacOSX26.5.sdk -o /tmp/neckline-v3-qa/macos/SDKStatCaches.noindex/macosx26.5-25F70-e082c4a02f00227109f4ed75e425c832.sdkstatcache

Ld /tmp/neckline-v3-qa/macos/Build/Products/Debug/Neckline.app/Contents/MacOS/Neckline.debug.dylib normal (in target 'Neckline' from project 'Neckline')
    cd /Users/linotsai/Lino/Neckline/App
    /Applications/Xcode.app/Contents/Developer/Toolchains/XcodeDefault.xctoolchain/usr/bin/clang -Xlinker -reproducible -target arm64-apple-macos26.0 -dynamiclib -isysroot /Applications/Xcode.app/Contents/Developer/Platforms/MacOSX.platform/Developer/SDKs/MacOSX26.5.sdk -O0 -L/tmp/neckline-v3-qa/macos/Build/Intermediates.noindex/EagerLinkingTBDs/Debug -L/tmp/neckline-v3-qa/macos/Build/Products/Debug -F/tmp/neckline-v3-qa/macos/Build/Intermediates.noindex/EagerLinkingTBDs/Debug -F/tmp/neckline-v3-qa/macos/Build/Products/Debug -filelist /tmp/neckline-v3-qa/macos/Build/Intermediates.noindex/Neckline.build/Debug/Neckline.build/Objects-normal/arm64/Neckline.LinkFileList -install_name @rpath/Neckline.debug.dylib -Xlinker -rpath -Xlinker @executable_path/Frameworks -Xlinker -object_path_lto -Xlinker /tmp/neckline-v3-qa/macos/Build/Intermediates.noindex/Neckline.build/Debug/Neckline.build/Objects-normal/arm64/Neckline_lto.o -rdynamic -Xlinker -no_deduplicate -Xlinker -dependency_info -Xlinker /tmp/neckline-v3-qa/macos/Build/Intermediates.noindex/Neckline.build/Debug/Neckline.build/Objects-normal/arm64/Neckline_dependency_info.dat -fobjc-link-runtime -L/Applications/Xcode.app/Contents/Developer/Toolchains/XcodeDefault.xctoolchain/usr/lib/swift/macosx -L/usr/lib/swift -Xlinker -add_ast_path -Xlinker /tmp/neckline-v3-qa/macos/Build/Intermediates.noindex/Neckline.build/Debug/Neckline.build/Objects-normal/arm64/Neckline.swiftmodule @/tmp/neckline-v3-qa/macos/Build/Intermediates.noindex/Neckline.build/Debug/Neckline.build/Objects-normal/arm64/Neckline-linker-args.resp -Xlinker -alias -Xlinker _main -Xlinker ___debug_main_executable_dylib_entry_point -Xlinker -no_adhoc_codesign -o /tmp/neckline-v3-qa/macos/Build/Products/Debug/Neckline.app/Contents/MacOS/Neckline.debug.dylib

Ld /tmp/neckline-v3-qa/macos/Build/Products/Debug/Neckline.app/Contents/MacOS/__preview.dylib normal (in target 'Neckline' from project 'Neckline')
    cd /Users/linotsai/Lino/Neckline/App
    /Applications/Xcode.app/Contents/Developer/Toolchains/XcodeDefault.xctoolchain/usr/bin/clang -Xlinker -reproducible -target arm64-apple-macos26.0 -dynamiclib -isysroot /Applications/Xcode.app/Contents/Developer/Platforms/MacOSX.platform/Developer/SDKs/MacOSX26.5.sdk -O0 -L/tmp/neckline-v3-qa/macos/Build/Products/Debug -F/tmp/neckline-v3-qa/macos/Build/Products/Debug -install_name @rpath/Neckline.debug.dylib -rdynamic -Xlinker -no_deduplicate -Xlinker -dependency_info -Xlinker /tmp/neckline-v3-qa/macos/Build/Intermediates.noindex/Neckline.build/Debug/Neckline.build/Objects-normal/arm64/Neckline_dependency_info.dat -Xlinker -no_adhoc_codesign -o /tmp/neckline-v3-qa/macos/Build/Products/Debug/Neckline.app/Contents/MacOS/__preview.dylib

ConstructStubExecutorLinkFileList /tmp/neckline-v3-qa/macos/Build/Intermediates.noindex/Neckline.build/Debug/Neckline.build/Neckline-ExecutorLinkFileList-normal-arm64.txt (in target 'Neckline' from project 'Neckline')
    cd /Users/linotsai/Lino/Neckline/App
    construct-stub-executor-link-file-list /tmp/neckline-v3-qa/macos/Build/Products/Debug/Neckline.app/Contents/MacOS/Neckline.debug.dylib /Applications/Xcode.app/Contents/Developer/Platforms/MacOSX.platform/Developer/usr/lib/libPreviewsJITStubExecutor_no_swift_entry_point.a /Applications/Xcode.app/Contents/Developer/Platforms/MacOSX.platform/Developer/usr/lib/libPreviewsJITStubExecutor.a --output /tmp/neckline-v3-qa/macos/Build/Intermediates.noindex/Neckline.build/Debug/Neckline.build/Neckline-ExecutorLinkFileList-normal-arm64.txt
note: Using stub executor library with Swift entry point. (in target 'Neckline' from project 'Neckline')

Ld /tmp/neckline-v3-qa/macos/Build/Products/Debug/Neckline.app/Contents/MacOS/Neckline normal (in target 'Neckline' from project 'Neckline')
    cd /Users/linotsai/Lino/Neckline/App
    /Applications/Xcode.app/Contents/Developer/Toolchains/XcodeDefault.xctoolchain/usr/bin/clang -Xlinker -reproducible -target arm64-apple-macos26.0 -isysroot /Applications/Xcode.app/Contents/Developer/Platforms/MacOSX.platform/Developer/SDKs/MacOSX26.5.sdk -O0 -L/tmp/neckline-v3-qa/macos/Build/Products/Debug -F/tmp/neckline-v3-qa/macos/Build/Products/Debug -Xlinker -rpath -Xlinker @executable_path -Xlinker -rpath -Xlinker @executable_path/Frameworks -rdynamic -Xlinker -no_deduplicate -e ___debug_blank_executor_main -Xlinker -sectcreate -Xlinker __TEXT -Xlinker __debug_dylib -Xlinker /tmp/neckline-v3-qa/macos/Build/Intermediates.noindex/Neckline.build/Debug/Neckline.build/Neckline-DebugDylibPath-normal-arm64.txt -Xlinker -sectcreate -Xlinker __TEXT -Xlinker __debug_instlnm -Xlinker /tmp/neckline-v3-qa/macos/Build/Intermediates.noindex/Neckline.build/Debug/Neckline.build/Neckline-DebugDylibInstallName-normal-arm64.txt -Xlinker -filelist -Xlinker /tmp/neckline-v3-qa/macos/Build/Intermediates.noindex/Neckline.build/Debug/Neckline.build/Neckline-ExecutorLinkFileList-normal-arm64.txt /tmp/neckline-v3-qa/macos/Build/Products/Debug/Neckline.app/Contents/MacOS/Neckline.debug.dylib -Xlinker -no_adhoc_codesign -o /tmp/neckline-v3-qa/macos/Build/Products/Debug/Neckline.app/Contents/MacOS/Neckline

ExtractAppIntentsMetadata (in target 'Neckline' from project 'Neckline')
    cd /Users/linotsai/Lino/Neckline/App
    /Applications/Xcode.app/Contents/Developer/Toolchains/XcodeDefault.xctoolchain/usr/bin/appintentsmetadataprocessor --toolchain-dir /Applications/Xcode.app/Contents/Developer/Toolchains/XcodeDefault.xctoolchain --module-name Neckline --sdk-root /Applications/Xcode.app/Contents/Developer/Platforms/MacOSX.platform/Developer/SDKs/MacOSX26.5.sdk --xcode-version 17F113 --platform-family macOS --deployment-target 26.0 --bundle-identifier top.linotsai.neckline.qa --output /tmp/neckline-v3-qa/macos/Build/Products/Debug/Neckline.app/Contents/Resources --target-triple arm64-apple-macos26.0 --binary-file /tmp/neckline-v3-qa/macos/Build/Products/Debug/Neckline.app/Contents/MacOS/Neckline --dependency-file /tmp/neckline-v3-qa/macos/Build/Intermediates.noindex/Neckline.build/Debug/Neckline.build/Objects-normal/arm64/Neckline_dependency_info.dat --stringsdata-file /tmp/neckline-v3-qa/macos/Build/Intermediates.noindex/Neckline.build/Debug/Neckline.build/Objects-normal/arm64/ExtractedAppShortcutsMetadata.stringsdata --source-file-list /tmp/neckline-v3-qa/macos/Build/Intermediates.noindex/Neckline.build/Debug/Neckline.build/Objects-normal/arm64/Neckline.SwiftFileList --metadata-file-list /tmp/neckline-v3-qa/macos/Build/Intermediates.noindex/Neckline.build/Debug/Neckline.build/Neckline.DependencyMetadataFileList --static-metadata-file-list /tmp/neckline-v3-qa/macos/Build/Intermediates.noindex/Neckline.build/Debug/Neckline.build/Neckline.DependencyStaticMetadataFileList --swift-const-vals-list /tmp/neckline-v3-qa/macos/Build/Intermediates.noindex/Neckline.build/Debug/Neckline.build/Objects-normal/arm64/Neckline.SwiftConstValuesFileList --compile-time-extraction --deployment-aware-processing --validate-assistant-intents --no-app-shortcuts-localization
2026-09-10 15:07:54.457 appintentsmetadataprocessor[23183:27738743] Starting appintentsmetadataprocessor export
2026-09-10 15:07:54.462 appintentsmetadataprocessor[23183:27738743] warning: Metadata extraction skipped. No AppIntents.framework dependency found.

CopySwiftLibs /tmp/neckline-v3-qa/macos/Build/Products/Debug/Neckline.app (in target 'Neckline' from project 'Neckline')
    cd /Users/linotsai/Lino/Neckline/App
    builtin-swiftStdLibTool --copy --verbose --sign EE2D002B85E10970E7D4452D03073BBAD4A7312F --scan-executable /tmp/neckline-v3-qa/macos/Build/Products/Debug/Neckline.app/Contents/MacOS/Neckline.debug.dylib --scan-folder /tmp/neckline-v3-qa/macos/Build/Products/Debug/Neckline.app/Contents/Frameworks --scan-folder /tmp/neckline-v3-qa/macos/Build/Products/Debug/Neckline.app/Contents/PlugIns --scan-folder /tmp/neckline-v3-qa/macos/Build/Products/Debug/Neckline.app/Contents/Library/SystemExtensions --scan-folder /tmp/neckline-v3-qa/macos/Build/Products/Debug/Neckline.app/Contents/Extensions --platform macosx --toolchain /Applications/Xcode.app/Contents/Developer/Toolchains/XcodeDefault.xctoolchain --destination /tmp/neckline-v3-qa/macos/Build/Products/Debug/Neckline.app/Contents/Frameworks --strip-bitcode --strip-bitcode-tool /Applications/Xcode.app/Contents/Developer/Toolchains/XcodeDefault.xctoolchain/usr/bin/bitcode_strip --emit-dependency-info /tmp/neckline-v3-qa/macos/Build/Intermediates.noindex/Neckline.build/Debug/Neckline.build/SwiftStdLibToolInputDependencies.dep --filter-for-swift-os

ProcessInfoPlistFile /tmp/neckline-v3-qa/macos/Build/Products/Debug/Neckline.app/Contents/Info.plist /Users/linotsai/Lino/Neckline/App/Neckline/Resources/Info.plist (in target 'Neckline' from project 'Neckline')
    cd /Users/linotsai/Lino/Neckline/App
    builtin-infoPlistUtility /Users/linotsai/Lino/Neckline/App/Neckline/Resources/Info.plist -producttype com.apple.product-type.application -genpkginfo /tmp/neckline-v3-qa/macos/Build/Products/Debug/Neckline.app/Contents/PkgInfo -expandbuildsettings -platform macosx -additionalcontentfile /tmp/neckline-v3-qa/macos/Build/Intermediates.noindex/Neckline.build/Debug/Neckline.build/assetcatalog_generated_info.plist -o /tmp/neckline-v3-qa/macos/Build/Products/Debug/Neckline.app/Contents/Info.plist
removing value "remote-notification" for "UIBackgroundModes" - not supported on macOS

CodeSign /tmp/neckline-v3-qa/macos/Build/Products/Debug/Neckline.app/Contents/MacOS/Neckline.debug.dylib (in target 'Neckline' from project 'Neckline')
    cd /Users/linotsai/Lino/Neckline/App
    
    Signing Identity:     "Apple Development: linocai@hotmail.com (J6H3FXT658)"
    
    /usr/bin/codesign --force --sign EE2D002B85E10970E7D4452D03073BBAD4A7312F --timestamp\=none --generate-entitlement-der /tmp/neckline-v3-qa/macos/Build/Products/Debug/Neckline.app/Contents/MacOS/Neckline.debug.dylib

CodeSign /tmp/neckline-v3-qa/macos/Build/Products/Debug/Neckline.app/Contents/MacOS/__preview.dylib (in target 'Neckline' from project 'Neckline')
    cd /Users/linotsai/Lino/Neckline/App
    
    Signing Identity:     "Apple Development: linocai@hotmail.com (J6H3FXT658)"
    
    /usr/bin/codesign --force --sign EE2D002B85E10970E7D4452D03073BBAD4A7312F --timestamp\=none --generate-entitlement-der /tmp/neckline-v3-qa/macos/Build/Products/Debug/Neckline.app/Contents/MacOS/__preview.dylib

CodeSign /tmp/neckline-v3-qa/macos/Build/Products/Debug/Neckline.app (in target 'Neckline' from project 'Neckline')
    cd /Users/linotsai/Lino/Neckline/App
    
    Signing Identity:     "Apple Development: linocai@hotmail.com (J6H3FXT658)"
    
    /usr/bin/codesign --force --sign EE2D002B85E10970E7D4452D03073BBAD4A7312F --entitlements /tmp/neckline-v3-qa/macos/Build/Intermediates.noindex/Neckline.build/Debug/Neckline.build/Neckline.app.xcent --timestamp\=none --generate-entitlement-der /tmp/neckline-v3-qa/macos/Build/Products/Debug/Neckline.app

Validate /tmp/neckline-v3-qa/macos/Build/Products/Debug/Neckline.app (in target 'Neckline' from project 'Neckline')
    cd /Users/linotsai/Lino/Neckline/App
    builtin-validationUtility /tmp/neckline-v3-qa/macos/Build/Products/Debug/Neckline.app -no-validate-extension -infoplist-subpath Contents/Info.plist

RegisterWithLaunchServices /tmp/neckline-v3-qa/macos/Build/Products/Debug/Neckline.app (in target 'Neckline' from project 'Neckline')
    cd /Users/linotsai/Lino/Neckline/App
    /System/Library/Frameworks/CoreServices.framework/Versions/Current/Frameworks/LaunchServices.framework/Versions/Current/Support/lsregister -f -R -trusted /tmp/neckline-v3-qa/macos/Build/Products/Debug/Neckline.app

** BUILD SUCCEEDED **

